registerPromise 0x39c8af45a4160acfc613074b5d7b36a7844f9a1a7e2a061b78f5db4044cfc0a4 status 1
registerPromise 0x26160850457f889fdff42c68df9c83ffcda482860721fd227bbd68ab3cf6c832 status 1
openSession 0x4c40417505c39559d082a9b1aa60b57ec769c9437a9cbd6fd3702a89710a1410 status 1
checkpointTrace 0xe70af84186373f009c714c972612075b85bccdd46299b1565a8cbef672369e91 status 1
commitTrace 0x196b508158741a64d7b80d92c82be81d985b561f9d7bba565102d721085bb5f5 status 1
RPC rate limit on eth_call; retrying identical request after 2s
RPC rate limit on eth_call; retrying identical request after 4s
challenge 0x4da000f1ce3f5119981a86a8a20d029e254592fc5e2718e81e6866a142b5e8bb status 1
RPC rate limit on eth_call; retrying identical request after 2s
RPC rate limit on eth_call; retrying identical request after 4s
submitVerdict 0x7709af87c7df0613698b3d4e225026c70d00343a3106db793d2f124703c66041 status 1
challenge 0x304767bd358e8d2ce701131008e3eeedc8733f71d71332ac553fdeb0ff728aa1 status 1
RPC rate limit on eth_call; retrying identical request after 2s
RPC rate limit on eth_call; retrying identical request after 4s
submitVerdict 0x97b019734a4461ebdf7fe08ebc014d6be06e3f0a96de2e59efcf055368b24f99 status 1
registerPromise 0x2a1ab145354dcd1868e9a39e6bd453048e4249e698353275ae1e605348db49a7 status 1
registerPromise 0x7729ef330c1431818aab80eff1f41107e2a8fdf42b80449a0f68e10d14fcda29 status 1
openSession 0xb81266c02dcce3cbcfebed0801765f1bfce6fc8139a16008497d8bdc78e75748 status 1
checkpointTrace 0xa246acd6a74f18647378a479da966f4a720049c7cbe7c6d8a674e430833cf9bb status 1
commitTrace 0xcb2543625fd0d45ed3abedfa836675bf0026ee9c261bb3a50ac78085dd618c4f status 1
RPC rate limit on eth_call; retrying identical request after 2s
challenge 0xa46657991a916f6dd39797b3d86b1372acd57ab2292a492dc56e09a86a737623 status 1
submitVerdict 0x17443508061ba00550769e225d5771a3a3246b28e7007f2ff9580a7d59264f47 status 1
RPC rate limit on eth_call; retrying identical request after 2s
registerPromise 0x7f37ba8b178bbdbbf29bca6d4d69b720c4c232302a60cee9f90bd30779433061 status 1
registerPromise 0x7e7b05b24c726593e10ce6d12ddcdafddcfd827e8583e53a0b17e513ee8318f5 status 1
openSession 0xa0e90062e973f7b0854d7df5d40f1bff7a019fd3484c274d6b40ebe9a8d8caa8 status 1
checkpointTrace 0x17c3fc9cc4f0cf56820b8051ffe15d23411471f0c74905764e7f5c51fd89f4e9 status 1
commitTrace 0xe0f88f252dc8715cb82078b1a6bc193e797ef298d4eefd25b05cfb2f0e0a5cc7 status 1
RPC rate limit on eth_call; retrying identical request after 2s
challenge 0x56e142e3232bcb6724556e7bd1e89408740cda3278aec7c36213e9e38b0582c8 status 1
submitVerdict 0x996976186e1c6fc4d2d838688fd4eea719c26f642e4a84626204ae1abf801577 status 1
registerPromise 0x1bc3c9e8c502dffdbd6bedc1081e832b343c45e884fa4bb2d20cb80ae1df6d18 status 1
registerPromise 0xb273e2d8b29537fb917a0d951273637a22bd9c970c02176a04d7a93912233f35 status 1
openSession 0x8c2d084095d9e7d3e933650912a4258bcd8a43d275aa0269251887093413b106 status 1
checkpointTrace 0x49aa4c78bb2d4c48b8abd17ba29a5c50c3e711fce16c286192c77b424380fab9 status 1
commitTrace 0xe7feec915045f45d45da8017d5f88a45f000b640098776c93d92634cb2abbf58 status 1
RPC rate limit on eth_call; retrying identical request after 2s
RPC rate limit on eth_call; retrying identical request after 4s
challenge 0x08c991bd51c9331e4600c765ed4c1ee424f845f24412176addf1bbe867d23dfd status 1
RPC rate limit on eth_call; retrying identical request after 2s
RPC rate limit on eth_call; retrying identical request after 4s
submitVerdict 0x5a0613c9d3ba743edea82f6ab0288fa7949b953cf5f29c33b380cf0733a64d1e status 1
challenge 0xbf76d7cf8b05210106e7d7a541039affacf46f846ddc5ca4f7be05a482f2f89a status 1
RPC rate limit on eth_call; retrying identical request after 2s
RPC rate limit on eth_call; retrying identical request after 4s
submitVerdict 0x0be8530161d5b94fc55ed5d17e2718e564326d8d5272319531bbc0726a06bc73 status 1
registerPromise 0xc6e27fb37d58cc05211be720faa6ba5cd6f05ded9f2cf023cdde93a9de7f4ecb status 1
registerPromise 0xd1a5c510ad48b2e125d60e32a08364e543ccb0a6c2e4c94f182589b02d5165e8 status 1
openSession 0xd72b45f125dcfedfef60924492a24676a789de5c15bb1959bd0e7b49844cb5c6 status 1
checkpointTrace 0xc1023ba948ca233c40c7e5265d158dca37615caba36c343ae0814d67af0ad61e status 1
commitTrace 0xf3b90446305d790acb151d99d89bf16f2d4dbe29e111eb5b6ae49300fc1fbebd status 1
RPC rate limit on eth_call; retrying identical request after 2s
RPC rate limit on eth_call; retrying identical request after 4s
challenge 0x5fd1b852487e86ee8869ec746cb0eb287b94288c279f2664da47b814aab4b6be status 1
RPC rate limit on eth_call; retrying identical request after 2s
RPC rate limit on eth_call; retrying identical request after 4s
submitVerdict 0x0a21fcdff3171600eb035c3635141f00762089617621fe09b39cd2ee225169e2 status 1
registerPromise 0x1a87dcb98b69307b75d198a5124181975540735f7afd5757ec8cb1a9b9e24710 status 1
registerPromise 0x0bbe77965e78dab9c05f64ab78b49c5d8c885561cd7bc49eac4d14a58ffac8c8 status 1
openSession 0x549190263571528ce8d4e9833ae361141bd257ba78e3ec848e7c18c9201058c6 status 1
checkpointTrace 0x5d72af50c2ff6777bd5c86577def84264526709665f75f29f5dfd71cc8a03706 status 1
RPC rate limit on eth_call; retrying identical request after 2s
commitTrace 0x526a4fe3f647eb8272b163785d188ad9356eeaca2c69d6a00d0f767d2b6f6216 status 1
challenge 0x6641725971a6d6992dd809be4278ca985d09f304c4ae6b14668816b45b5b9436 status 1
RPC rate limit on eth_call; retrying identical request after 2s
submitVerdict 0x6a87bc728f40a4aeb1c84f15b146a56abe2fa3a0cbfb2aa1d4a0c9e511dad890 status 1
registerPromise 0x75175d30bbc3463a7fa8a388e82c5d80d193c911222b0260641f580eb9c1ba55 status 1
registerPromise 0x022fd35cfb6c0f8e9112220bc2cc1093a13ce330c8f5c19274cf47dd8bb972c4 status 1
openSession 0x0785a0f50f68dbac13b993fe3596567182c036eb7d6877c6311b28b84110339a status 1
checkpointTrace 0x6ba3e5502d86e20f94956fc633995cae3ee0ffd0d240c0fafdae93714f72a03f status 1
commitTrace 0x55be5555bb4cd8ec647ee8ffa39590ef0dbf47636a82561dec30921a8eced927 status 1
challenge 0xcc0c2b4eeef6a11a39ba8cf625840603b8449aa516988e4d3331944c068b8c90 status 1
RPC rate limit on eth_call; retrying identical request after 2s
RPC rate limit on eth_call; retrying identical request after 4s
submitVerdict 0x508db3134850a90573325c4367d72518dbee0896053efcc92c416c1149e2e6ed status 1
RPC rate limit on eth_call; retrying identical request after 2s
RPC rate limit on eth_call; retrying identical request after 4s
challenge 0xcf70ee0da3d9da89c10bc441d3a908ddc8d4fa38eae48f4824051f4aa372c4de status 1
submitVerdict 0x72c4856fc6117dc9febd83af1e76949d5334bc8c3ebe5661c9bc8f53547bb80c status 1
registerPromise 0x3ebc081d0f8be5f8ac9431eaea8af69f6745d01d63c98c1504e621eb698c6381 status 1
registerPromise 0x88b6cb4ee72c4286af49439f2f0b005275787a13108006b0a38dd0c195676acf status 1
openSession 0x1d3935214d762eda4133a02d77ec3e8c3269d087f10e7e5f1a1736ea9bee39f5 status 1
checkpointTrace 0xc1dc792a4b4b6e18e3850f649f1c671ac665ec5d8bd9bb2128882bc49327de95 status 1
commitTrace 0xe6ce85d45e68595b3e8e1e1ac0fd75b35c7ebb5586cce2b161a0925b683d2af2 status 1
RPC rate limit on eth_call; retrying identical request after 2s
challenge 0x08ad58b2c7cf0e14ee5ad6c54c5bb1753a2d37eb7bbeacd5bb82c07b40caa0a8 status 1
submitVerdict 0x5b4a4a228df12fe8b88931834ef470ddd98d68d3640885c5ab95b1806de0e91f status 1
RPC rate limit on eth_call; retrying identical request after 2s
registerPromise 0xc9a1c1e6790af29f4a134d2f781967f5e651875e478cae57d7793e2f554561cd status 1
registerPromise 0x2502e50bd760e829491db6969de6188b77696b201146c33dad53c1db902f4da5 status 1
openSession 0x16927a4b12cdab9436edfaf4215ddaa96d527200f67c622fa5e73ddfe89723ff status 1
checkpointTrace 0x8b6c6c787482781bc5631f0b8be489138563f8c80e4ab7f0cde09f18fcaaab75 status 1
commitTrace 0xe3dfc1e0cc85e0677772e7c63e15be53586c51ad9d3c88d8b88cdc0c7db11a2f status 1
challenge 0x0a0997bbefdaf98d12b34240ceb08f32d7f8c640098058c69fae22b18df8422a status 1
submitVerdict 0x46b34bc376855a7b3f8ca9bf376c258c36a2d27eb43ab20e2330a899d7f49f29 status 1
registerPromise 0x98ea806c522971644455d32f9e98cb472b727b7a9e4873b192f4b276bb851ad5 status 1
registerPromise 0x0ca7dc044998913368f55d4889b38cd913506e39575b8e11005bdda4e90a1647 status 1
openSession 0x3e4f0c1ab9898e2824d8cf98ebacb59e80804c4c9eb12d5c4c841ba7bcee0983 status 1
checkpointTrace 0x78617c5f5bfce59d9765ace09e0a62f5c1237b656e97eac5e3727e2da9b87e0c status 1
commitTrace 0x2079eaee2958ff2838c85a168f0363068b7388ad0aa8e9b0774eed8f8df08030 status 1
RPC rate limit on eth_call; retrying identical request after 2s
challenge 0xcc4be2042434399460c5dfbfc69c70b05dd19f3c133bce8c0412c638eca37e29 status 1
respond 0xa7b50cffbc603097d3cd328a2d8b4c44c04fde9c90682d4a7aa88ff4d5be9523 status 1
RPC rate limit on eth_call; retrying identical request after 2s
submitVerdict 0xcf58c3135d1c3d71a208340e91bef983df6511b21c15c3e932da7bf08926c422 status 1
RPC rate limit on eth_call; retrying identical request after 2s
registerPromise 0xf35fbac335d2ed6033eeef23189f73fcef30b9a82c672c1320cdf4612655fa01 status 1
registerPromise 0x201ea476782feb01de8497bf97abe597bc3116e84d1e2e79e02112a6f91fe5ad status 1
openSession 0x46e9eaf77530357540309c1d03eba7acf455251af7c280513b6411fb279b60d3 status 1
checkpointTrace 0x0eb9956cc66833ec3d9027efde68e8cdbca049790480270ddcac8498e916cb37 status 1
commitTrace 0x64e75ae4423a7f4269b0dcdba6be23d81a59363b329059e0940d3d1ea590f390 status 1
challenge 0x82916c50ba5cc38209dba2c3621f1d60b029350b9075eaa33c56cac60f410ebd status 1
respond 0x0b1e6c827f2225762e953f9604dbe1d1c26578d879c9e28f2abd85e5c08ea548 status 1
RPC rate limit on eth_call; retrying identical request after 2s
submitVerdict 0x69d14249e0e4359718fc1d27fd6e96d968075577131c07272b7e0379a851f80f status 1
registerPromise 0xdce6b4cf785b1c21cc57f18d48283d605a3ae6b1b925c6ef0e26d86d7c201ffa status 1
registerPromise 0x532aea9c0e711e48868218a1ac29a63595caba64d27ce1f3af0b4978f2500b2a status 1
openSession 0x1c0b72e058bbccdf269a3ebcddb73f7a9b821469d10c02ce2e2e5cc9585147af status 1
checkpointTrace 0x90da4651ecd75e68e7a8bfe3a48dd866d3c158dfc059473b2e241504a66f17c0 status 1
checkpointTrace 0xe0b58e5b8ff9e0a3672e6115269c2b6d8837a1663fbcaf03e30c073faa21103d status 1
commitTrace 0x3c8c9112e6a73f00af5ea783a87f98bbb6731b0dd9c739a3317ddcee2949ad50 status 1
RPC rate limit on eth_call; retrying identical request after 2s
checkpoint experiment completed 30_records_or_60s 2 2
registerPromise 0x05bc52eb8f6508314e3eef521ae79df05794c84a7b8449294774da086b2506aa status 1
registerPromise 0x982d0d9de63cd2dc9a9672cc033befc64b6ff224282e9b125b50ba1da162aa2e status 1
openSession 0xf2cbec583b59fcc3fe92a24054295b856a0f15ffb8e8fa2b14c31736c97a84cd status 1
checkpointTrace 0x1fbeb9b8534611c8f34767cf7158289bd2451d5f222cf50323f634795d5b68d0 status 1
checkpointTrace 0x0cb59f3947a0f2a88269a654fc9af2441dcc83b3b12c5e86c56fcc0882ded972 status 1
commitTrace 0xbb13fa72cc30f7109fff22e011c05f0ae27864885fa6bef40b2614ee985e0905 status 1
RPC rate limit on eth_call; retrying identical request after 2s
RPC rate limit on eth_call; retrying identical request after 4s
checkpoint experiment completed 30_records_or_60s 1 2
registerPromise 0x059cf6b1f33b7caebc092f4857188112733fe4b044e46ed52d8f511b59c6502a status 1
registerPromise 0xff6e20f4b54d31c19784e3c68b5a5a8dd41341745a4ebf80840c8d6d4ae00841 status 1
openSession 0x08a880e32903753604b66bb4216edcf9c68f902ab77f3582f6e0bbd8f1f413bc status 1
checkpointTrace 0x042bb1cbbc88ea093f4be5cee0a73d88602962353dcb4a7edbe59b50bdd99e60 status 1
checkpointTrace 0x40cdfba56cafd8633d68e5ce84de48e6991fc51c4d2cfb0feeef984fa3f12d0b status 1
checkpointTrace 0x1d032bd492daf8913041b995fd4ebc72442957ced89092cbe66a6de560a56780 status 1
RPC rate limit on eth_call; retrying identical request after 2s
RPC rate limit on eth_call; retrying identical request after 4s
commitTrace 0x401280529f6876f491865ec61cab8ac179c024a89eb68a8c002a335e73d8f960 status 1
checkpoint experiment completed 10_records_or_30s 1 3
registerPromise 0xf8a81bab662ad86e51b358bf065abbeea4e00fe157af273691a5e5f93f13c2c5 status 1
registerPromise 0xac4e51eb082657c0318db2654c0365502b9349f09e2f09b9fddf8028d20d7b84 status 1
openSession 0xcca14ad0958fbb20c417ebae998b4be203fba72800564566113bde7c13eaa50b status 1
commitTrace 0xf85fdc565f2c8d4cbf2301870c0740324871ad56e6f66b96b625a7bc36bdecf0 status 1
checkpoint experiment completed final_only 0 0
registerPromise 0xd48eb47b789c047464624be61b65e6220a736e8474b787f3b897dd0043abac0f status 1
registerPromise 0xc7468486bb65a601f95e03b4572ccd3c7b0b4d786e213d40162230fd8c5a376a status 1
openSession 0x68c920b7502f2353dd021e7e00601294b933d018a782ce77a7cc6e8793a062f8 status 1
commitTrace 0x1ca5cc3885b1b104007c00c116aecc52afa390eb1c5030edad4b9c254798fd4f status 1
checkpoint experiment completed final_only 2 0
registerPromise 0x78ecb68b629aff2fe0c2714d7ae123aeedc758a5122fff478d3d495404a759f3 status 1
registerPromise 0x0cdb76ddfc20dc808c30cbaa7f2f61c40f2888f99e1214f8f5c2feb29bd3d79a status 1
openSession 0x50cd1058848a58aac6484c3445791738bcce1954bc7f792c1902440e2127e15a status 1
commitTrace 0x8a6d995c0032d2f9f19aefc07a79889b1448e94d0159e9db965206596eacca07 status 1
checkpoint experiment completed final_only 1 0
registerPromise 0x800d17d8c6b81215e0b8d9e5acd740ae061726579ce8e61ea25b2936fabd8248 status 1
registerPromise 0x9950d92610a36f3532713c3ee736ae078107de476ce43ea53ae1a9e946da6601 status 1
openSession 0x9f45b8e62ded89495f684d0cc02b53c51b315f7d0bc964e14eff31235bb0d6b5 status 1
checkpointTrace 0x41d1142c0abfb5846543811266075c545223f47a57dc5a66df39070f7934d34b status 1
checkpointTrace 0xe1d530880335e1d0afb5d671d931a6c89582e804a914ce8f5a38271cd542effb status 1
RPC rate limit on eth_call; retrying identical request after 2s
commitTrace 0xdf346a2bc92e1ae265881836b8cff60fb9ab53e89dce8aa954d9edc290c40540 status 1
RPC rate limit on eth_call; retrying identical request after 2s
checkpoint experiment completed 30_records_or_60s 0 2
registerPromise 0x69764271ce712281f634292db8b4842b15c78a3cc8a1fc36883436c89a4cba65 status 1
registerPromise 0xf148e8d38d90d248f5c33bfdefc56cb8e39ec5abdb50fdc89fa9eabd587ae0e1 status 1
openSession 0x123e44c5391e40c0aef03ae5b8e5b01f7c5da91195fe24cb5efd1bc55b3ec34a status 1
checkpointTrace 0xa831f2d191784da2f935a2691e60472b35879519a6c51b4f26b57ca0e995b0de status 1
checkpointTrace 0x7156051634cc0509822a11676e90bb4654f3243b21f3df92b97da215e990788f status 1
checkpointTrace 0x78cac1bb3eaa8577224709ad7b33ce021614cf1c96d1de70c756177762b093d8 status 1
RPC rate limit on eth_call; retrying identical request after 2s
RPC rate limit on eth_call; retrying identical request after 4s
commitTrace 0xcc0160db3be67e3e0e4de8c5b1255af652f0cb41077c7fb430fcc213336fe393 status 1
RPC rate limit on eth_call; retrying identical request after 2s
checkpoint experiment completed 10_records_or_30s 2 3
registerPromise 0x762fe93d165e389cf08e1e1f6ab0a6f0725fe470d497057c826e8e2c055c16db status 1
registerPromise 0x4c7f3eba7b41fe938551bcb2b640279cc9fed3248f43dd4e51a87425c1f1bf11 status 1
openSession 0x72f095ddd83a87ea044b73952199c670ce31f400d52ee14f7eedc36ac69d56d6 status 1
checkpointTrace 0x8e748cbfe8a55231758464fa035bb13a7bfd7c0ff63ff3ea2d504dc4248d1446 status 1
checkpointTrace 0x3b6b45681f93350199d9b3725a2773574e1d14967965c236d8cc54cd9a74bded status 1
checkpointTrace 0xb4ff6fd8dd17d055c3380263652ac7683252c40d16c76924ff1ac16aa40d4fdd status 1
commitTrace 0x881fa2fd1c253d3bb8a768222e4b68b6b10aee8c97adf97234bf4f25f55800bf status 1
RPC rate limit on eth_call; retrying identical request after 2s
RPC rate limit on eth_call; retrying identical request after 4s
checkpoint experiment completed 10_records_or_30s 0 3
