deploy 0x3097434443185d61498a5221db6c66ac3432e536b6b85117a0c4d53733d9b8d8 status 1
registerPromise 0xed90243ea23a6f1cf7325b45ec90d46db02033f9090e39e045d683ec76ccfa3b status 1
Traceback (most recent call last):
  File "/workspace/.audit-worktrees/practicality-mainnet/scripts/practicality/run_public.py", line 432, in <module>
    main()
  File "/workspace/.audit-worktrees/practicality-mainnet/scripts/practicality/run_public.py", line 429, in main
    verifier_main(args) if args.command == "verify" else run(args)
                                                         ^^^^^^^^^
  File "/workspace/.audit-worktrees/practicality-mainnet/scripts/practicality/run_public.py", line 306, in run
    acc, session = native.begin(name, store, escrow, provider, challenger)
                   ^^^^^^^^^^^^^^^^^^^^^^^^^^^^^^^^^^^^^^^^^^^^^^^^^^^^^^^
  File "/workspace/.audit-worktrees/practicality-mainnet/scripts/practicality/run_public.py", line 121, in begin
    acc, session = self.plugin.begin_session(party=party, store=store, chain=escrow,
                   ^^^^^^^^^^^^^^^^^^^^^^^^^^^^^^^^^^^^^^^^^^^^^^^^^^^^^^^^^^^^^^^^^
  File "/workspace/.audit-worktrees/practicality-mainnet/integrations/hermes/aa_hermes/__init__.py", line 65, in begin_session
    acc.register_promise("no_destructive_without_consent", {
  File "/workspace/.audit-worktrees/practicality-mainnet/packages/sdk/aa_sdk/__init__.py", line 447, in register_promise
    pid = self.chain.register_promise(
          ^^^^^^^^^^^^^^^^^^^^^^^^^^^^
  File "/workspace/.audit-worktrees/practicality-mainnet/packages/sdk/aa_sdk/chain.py", line 132, in register_promise
    rcpt = self._send(
           ^^^^^^^^^^^
  File "/workspace/.audit-worktrees/practicality-mainnet/scripts/run_evidence.py", line 171, in _send
    receipt = super()._send(fn, sender, value)
              ^^^^^^^^^^^^^^^^^^^^^^^^^^^^^^^^
  File "/workspace/.audit-worktrees/practicality-mainnet/packages/sdk/aa_sdk/chain.py", line 118, in _send
    tx["gas"] = self._read(lambda block: fn.estimate_gas(tx, block_identifier=block))
                ^^^^^^^^^^^^^^^^^^^^^^^^^^^^^^^^^^^^^^^^^^^^^^^^^^^^^^^^^^^^^^^^^^^^^
  File "/workspace/.audit-worktrees/practicality-mainnet/packages/sdk/aa_sdk/chain.py", line 104, in _read
    return read_at_block(block)
           ^^^^^^^^^^^^^^^^^^^^
  File "/workspace/.audit-worktrees/practicality-mainnet/packages/sdk/aa_sdk/chain.py", line 118, in <lambda>
    tx["gas"] = self._read(lambda block: fn.estimate_gas(tx, block_identifier=block))
                                         ^^^^^^^^^^^^^^^^^^^^^^^^^^^^^^^^^^^^^^^^^^^
  File "/workspace/hermes-agent/.venv/lib/python3.12/site-packages/web3/contract/contract.py", line 330, in estimate_gas
    return estimate_gas_for_function(
           ^^^^^^^^^^^^^^^^^^^^^^^^^^
  File "/workspace/hermes-agent/.venv/lib/python3.12/site-packages/web3/contract/utils.py", line 298, in estimate_gas_for_function
    return w3.eth.estimate_gas(estimate_transaction, block_identifier, state_override)
           ^^^^^^^^^^^^^^^^^^^^^^^^^^^^^^^^^^^^^^^^^^^^^^^^^^^^^^^^^^^^^^^^^^^^^^^^^^^
  File "/workspace/hermes-agent/.venv/lib/python3.12/site-packages/web3/eth/eth.py", line 319, in estimate_gas
    return self._estimate_gas(transaction, block_identifier, state_override)
           ^^^^^^^^^^^^^^^^^^^^^^^^^^^^^^^^^^^^^^^^^^^^^^^^^^^^^^^^^^^^^^^^^
  File "/workspace/hermes-agent/.venv/lib/python3.12/site-packages/web3/module.py", line 112, in caller
    result = w3.manager.request_blocking(
             ^^^^^^^^^^^^^^^^^^^^^^^^^^^^
  File "/workspace/hermes-agent/.venv/lib/python3.12/site-packages/web3/manager.py", line 232, in request_blocking
    response = self._make_request(method, params)
               ^^^^^^^^^^^^^^^^^^^^^^^^^^^^^^^^^^
  File "/workspace/hermes-agent/.venv/lib/python3.12/site-packages/web3/manager.py", line 163, in _make_request
    return request_func(method, params)
           ^^^^^^^^^^^^^^^^^^^^^^^^^^^^
  File "/workspace/hermes-agent/.venv/lib/python3.12/site-packages/web3/middleware/base.py", line 56, in middleware
    return self.response_processor(method, make_request(method, params))
                                           ^^^^^^^^^^^^^^^^^^^^^^^^^^^^
  File "/workspace/hermes-agent/.venv/lib/python3.12/site-packages/web3/middleware/base.py", line 56, in middleware
    return self.response_processor(method, make_request(method, params))
                                           ^^^^^^^^^^^^^^^^^^^^^^^^^^^^
  File "/workspace/hermes-agent/.venv/lib/python3.12/site-packages/web3/middleware/base.py", line 56, in middleware
    return self.response_processor(method, make_request(method, params))
                                           ^^^^^^^^^^^^^^^^^^^^^^^^^^^^
  [Previous line repeated 2 more times]
  File "/workspace/hermes-agent/.venv/lib/python3.12/site-packages/web3/_utils/caching/caching_utils.py", line 261, in wrapper
    return func(provider, method, params)
           ^^^^^^^^^^^^^^^^^^^^^^^^^^^^^^
  File "/workspace/hermes-agent/.venv/lib/python3.12/site-packages/web3/providers/rpc/rpc.py", line 166, in make_request
    raw_response = self._make_request(method, request_data)
                   ^^^^^^^^^^^^^^^^^^^^^^^^^^^^^^^^^^^^^^^^
  File "/workspace/hermes-agent/.venv/lib/python3.12/site-packages/web3/providers/rpc/rpc.py", line 153, in _make_request
    raise e
  File "/workspace/hermes-agent/.venv/lib/python3.12/site-packages/web3/providers/rpc/rpc.py", line 143, in _make_request
    return self._request_session_manager.make_post_request(
           ^^^^^^^^^^^^^^^^^^^^^^^^^^^^^^^^^^^^^^^^^^^^^^^^
  File "/workspace/hermes-agent/.venv/lib/python3.12/site-packages/web3/_utils/http_session_manager.py", line 155, in make_post_request
    response.raise_for_status()
  File "/workspace/hermes-agent/.venv/lib/python3.12/site-packages/requests/models.py", line 1028, in raise_for_status
    raise HTTPError(http_error_msg, response=self)
requests.exceptions.HTTPError: 429 Client Error: Too Many Requests for url: https://base.drpc.org/
