2026-09-16T19:57:40.492021Z  INFO node::user: eth_chainId
2026-09-16T19:57:40.494132Z  INFO node::user: eth_chainId
2026-09-16T19:57:40.494999Z  INFO node::user: eth_accounts
2026-09-16T19:57:40.497825Z  INFO node::user: eth_accounts
2026-09-16T19:57:40.500707Z  INFO node::user: eth_chainId
2026-09-16T19:57:40.502030Z  INFO node::user: eth_getBlockByNumber
2026-09-16T19:57:40.503586Z  INFO node::user: eth_chainId
2026-09-16T19:57:40.504830Z  INFO node::user: eth_chainId
2026-09-16T19:57:40.506432Z  INFO node::user: eth_estimateGas
2026-09-16T19:57:40.510067Z  INFO node::user: eth_chainId
2026-09-16T19:57:40.510609Z  INFO node::user: eth_getBlockByNumber
2026-09-16T19:57:40.511564Z  INFO node::user: eth_sendTransaction
2026-09-16T19:57:40.513246Z  INFO node::user: eth_chainId
2026-09-16T19:57:40.513252Z  INFO node::user: 
2026-09-16T19:57:40.513285Z  INFO node::user:     Transaction: 0xa0f9494afbabb100c32bbdf1a8de10c773db8cb3704a707fb96601901fb906e9
2026-09-16T19:57:40.513455Z  INFO node::user:     Contract created: 0x5FbDB2315678afecb367f032d93F642f64180aa3
2026-09-16T19:57:40.513699Z  INFO node::user:     Gas used: 2346854
2026-09-16T19:57:40.513702Z  INFO node::user: 
2026-09-16T19:57:40.513709Z  INFO node::user:     Block Number: 1
2026-09-16T19:57:40.513712Z  INFO node::user:     Block Hash: 0x958d0a9cb18fbbfc31b86dd46e064b06b4d8b6d01c968b8f0614d9f1f7c236e9
2026-09-16T19:57:40.513726Z  INFO node::user:     Block Time: "Wed, 16 Sep 2026 19:57:40 +0000"

2026-09-16T19:57:40.514271Z  INFO node::user: eth_getTransactionReceipt
