2026-09-16T19:58:24.416995Z  INFO node::user: eth_chainId
2026-09-16T19:58:24.418209Z  INFO node::user: eth_chainId
2026-09-16T19:58:24.418794Z  INFO node::user: eth_accounts
2026-09-16T19:58:24.420530Z  INFO node::user: eth_accounts
2026-09-16T19:58:24.423300Z  INFO node::user: eth_chainId
2026-09-16T19:58:24.424097Z  INFO node::user: eth_getBlockByNumber
2026-09-16T19:58:24.424844Z  INFO node::user: eth_chainId
2026-09-16T19:58:24.425654Z  INFO node::user: eth_chainId
2026-09-16T19:58:24.426327Z  INFO node::user: eth_estimateGas
2026-09-16T19:58:24.427824Z  INFO node::user: eth_chainId
2026-09-16T19:58:24.428333Z  INFO node::user: eth_getBlockByNumber
2026-09-16T19:58:24.429045Z  INFO node::user: eth_sendTransaction
2026-09-16T19:58:24.429493Z  INFO node::user: 
2026-09-16T19:58:24.429499Z  INFO node::user:     Transaction: 0xa0f9494afbabb100c32bbdf1a8de10c773db8cb3704a707fb96601901fb906e9
2026-09-16T19:58:24.429505Z  INFO node::user:     Contract created: 0x5FbDB2315678afecb367f032d93F642f64180aa3
2026-09-16T19:58:24.429510Z  INFO node::user:     Gas used: 2346854
2026-09-16T19:58:24.429512Z  INFO node::user: 
2026-09-16T19:58:24.429517Z  INFO node::user:     Block Number: 1
2026-09-16T19:58:24.429520Z  INFO node::user:     Block Hash: 0xa97c7253c7acbfde9c5a83f8b277a5ef884f285f849acec55b144a7246ceb4f6
2026-09-16T19:58:24.429525Z  INFO node::user:     Block Time: "Wed, 16 Sep 2026 19:58:24 +0000"

2026-09-16T19:58:24.429733Z  INFO node::user: eth_chainId
2026-09-16T19:58:24.430366Z  INFO node::user: eth_getTransactionReceipt
2026-09-16T19:58:25.093882Z  INFO node::user: eth_accounts
2026-09-16T19:58:25.094714Z  INFO node::user: eth_accounts
2026-09-16T19:58:25.364538Z  INFO node::user: eth_accounts
2026-09-16T19:58:25.365224Z  INFO node::user: eth_accounts
2026-09-16T19:58:25.366231Z  INFO node::user: eth_chainId
2026-09-16T19:58:25.367446Z  INFO node::user: eth_getBlockByNumber
2026-09-16T19:58:25.368101Z  INFO node::user: eth_chainId
2026-09-16T19:58:25.368797Z  INFO node::user: eth_chainId
2026-09-16T19:58:25.369312Z  INFO node::user: eth_estimateGas
2026-09-16T19:58:25.370348Z  INFO node::user: eth_chainId
2026-09-16T19:58:25.371024Z  INFO node::user: eth_getBlockByNumber
2026-09-16T19:58:25.371646Z  INFO node::user: eth_sendTransaction
2026-09-16T19:58:25.371907Z  INFO node::user: 
2026-09-16T19:58:25.371912Z  INFO node::user:     Transaction: 0x51465e22a686e5002383b098cf33598e632a511532f80f7a570fff84397f1826
2026-09-16T19:58:25.371916Z  INFO node::user:     Gas used: 163502
2026-09-16T19:58:25.371919Z  INFO node::user: 
2026-09-16T19:58:25.371924Z  INFO node::user:     Block Number: 2
2026-09-16T19:58:25.371926Z  INFO node::user:     Block Hash: 0x6484d200a959b2bbe270644e6ec3bac7c8083bd5f62c31f6b814d8db91ab10cf
2026-09-16T19:58:25.371929Z  INFO node::user:     Block Time: "Wed, 16 Sep 2026 19:58:25 +0000"

2026-09-16T19:58:25.372233Z  INFO node::user: eth_chainId
2026-09-16T19:58:25.372831Z  INFO node::user: eth_getTransactionReceipt
2026-09-16T19:58:25.376759Z  INFO node::user: eth_chainId
2026-09-16T19:58:25.377662Z  INFO node::user: eth_getBlockByNumber
2026-09-16T19:58:25.378264Z  INFO node::user: eth_chainId
2026-09-16T19:58:25.378988Z  INFO node::user: eth_chainId
2026-09-16T19:58:25.379470Z  INFO node::user: eth_estimateGas
2026-09-16T19:58:25.379962Z  INFO node::user: eth_chainId
2026-09-16T19:58:25.380486Z  INFO node::user: eth_getBlockByNumber
2026-09-16T19:58:25.381026Z  INFO node::user: eth_sendTransaction
2026-09-16T19:58:25.381231Z  INFO node::user: 
2026-09-16T19:58:25.381248Z  INFO node::user:     Transaction: 0xfc0f13253019970794fc29fb307668b458a1f90836b183b3964942449ee20ff0
2026-09-16T19:58:25.381251Z  INFO node::user:     Gas used: 163502
2026-09-16T19:58:25.381253Z  INFO node::user: 
2026-09-16T19:58:25.381256Z  INFO node::user:     Block Number: 3
2026-09-16T19:58:25.381259Z  INFO node::user:     Block Hash: 0x2b3384a86045a27f7d4f1429f3048c4d1f715540737398edc2c3da66815a3c20
2026-09-16T19:58:25.381262Z  INFO node::user:     Block Time: "Wed, 16 Sep 2026 19:58:25 +0000"

2026-09-16T19:58:25.381517Z  INFO node::user: eth_chainId
2026-09-16T19:58:25.382057Z  INFO node::user: eth_getTransactionReceipt
2026-09-16T19:58:25.384168Z  INFO node::user: eth_chainId
2026-09-16T19:58:25.384992Z  INFO node::user: eth_getBlockByNumber
2026-09-16T19:58:25.385496Z  INFO node::user: eth_chainId
2026-09-16T19:58:25.386110Z  INFO node::user: eth_chainId
2026-09-16T19:58:25.386681Z  INFO node::user: eth_estimateGas
2026-09-16T19:58:25.387366Z  INFO node::user: eth_chainId
2026-09-16T19:58:25.387821Z  INFO node::user: eth_getBlockByNumber
2026-09-16T19:58:25.388348Z  INFO node::user: eth_sendTransaction
2026-09-16T19:58:25.388578Z  INFO node::user: 
2026-09-16T19:58:25.388582Z  INFO node::user:     Transaction: 0x96ddc8119df32f25a6049be11ed90c304127768eba200a782b54e715dcbf722f
2026-09-16T19:58:25.388585Z  INFO node::user:     Gas used: 93394
2026-09-16T19:58:25.388587Z  INFO node::user: 
2026-09-16T19:58:25.388590Z  INFO node::user:     Block Number: 4
2026-09-16T19:58:25.388592Z  INFO node::user:     Block Hash: 0xce38adaadd67d0e879ed1467fec5dc462aeb6fe92b8dc65e218d5795e8ad28a9
2026-09-16T19:58:25.388595Z  INFO node::user:     Block Time: "Wed, 16 Sep 2026 19:58:25 +0000"

2026-09-16T19:58:25.388872Z  INFO node::user: eth_chainId
2026-09-16T19:58:25.389393Z  INFO node::user: eth_getTransactionReceipt
2026-09-16T19:58:25.532646Z  INFO node::user: eth_blockNumber
2026-09-16T19:58:25.534026Z  INFO node::user: eth_chainId
2026-09-16T19:58:25.534542Z  INFO node::user: eth_call
2026-09-16T19:58:25.534976Z  INFO node::user: eth_chainId
2026-09-16T19:58:25.535960Z  INFO node::user: eth_chainId
2026-09-16T19:58:25.537096Z  INFO node::user: eth_getBlockByNumber
2026-09-16T19:58:25.537735Z  INFO node::user: eth_chainId
2026-09-16T19:58:25.538602Z  INFO node::user: eth_chainId
2026-09-16T19:58:25.541154Z  INFO node::user: eth_estimateGas
2026-09-16T19:58:25.542928Z  INFO node::user: eth_chainId
2026-09-16T19:58:25.543565Z  INFO node::user: eth_getBlockByNumber
2026-09-16T19:58:25.544256Z  INFO node::user: eth_sendTransaction
2026-09-16T19:58:25.544583Z  INFO node::user: 
2026-09-16T19:58:25.544589Z  INFO node::user:     Transaction: 0x0cdb48861d67e8c904dece3b33647d4dfb41e6a8ddb6a4b69554f735d65d45cc
2026-09-16T19:58:25.544592Z  INFO node::user:     Gas used: 97493
2026-09-16T19:58:25.544594Z  INFO node::user: 
2026-09-16T19:58:25.544597Z  INFO node::user:     Block Number: 5
2026-09-16T19:58:25.544599Z  INFO node::user:     Block Hash: 0xdcf341f14e6e7642e1f5e4dc6bc772554b008fa3d9fbcb8ad6101b93acac2027
2026-09-16T19:58:25.544601Z  INFO node::user:     Block Time: "Wed, 16 Sep 2026 19:58:25 +0000"

2026-09-16T19:58:25.544909Z  INFO node::user: eth_chainId
2026-09-16T19:58:25.545622Z  INFO node::user: eth_getTransactionReceipt
2026-09-16T19:58:25.658340Z  INFO node::user: eth_blockNumber
2026-09-16T19:58:25.659412Z  INFO node::user: eth_chainId
2026-09-16T19:58:25.659940Z  INFO node::user: eth_call
2026-09-16T19:58:25.660366Z  INFO node::user: eth_chainId
2026-09-16T19:58:25.661270Z  INFO node::user: eth_chainId
2026-09-16T19:58:25.661914Z  INFO node::user: eth_call
2026-09-16T19:58:25.662390Z  INFO node::user: eth_chainId
2026-09-16T19:58:25.663223Z  INFO node::user: eth_blockNumber
2026-09-16T19:58:25.664026Z  INFO node::user: eth_chainId
2026-09-16T19:58:25.664556Z  INFO node::user: eth_call
2026-09-16T19:58:25.664949Z  INFO node::user: eth_chainId
2026-09-16T19:58:25.665795Z  INFO node::user: eth_chainId
2026-09-16T19:58:25.666532Z  INFO node::user: eth_getBlockByNumber
2026-09-16T19:58:25.667036Z  INFO node::user: eth_chainId
2026-09-16T19:58:25.667607Z  INFO node::user: eth_chainId
2026-09-16T19:58:25.667999Z  INFO node::user: eth_estimateGas
2026-09-16T19:58:25.668386Z  INFO node::user: eth_chainId
2026-09-16T19:58:25.668781Z  INFO node::user: eth_getBlockByNumber
2026-09-16T19:58:25.669277Z  INFO node::user: eth_sendTransaction
2026-09-16T19:58:25.669489Z  INFO node::user: 
2026-09-16T19:58:25.669494Z  INFO node::user:     Transaction: 0xfc916c87c9f2f6cc5f825521afc8a0fe8dde632b6592504dcefb6cb15b1ea0ed
2026-09-16T19:58:25.669497Z  INFO node::user:     Gas used: 53444
2026-09-16T19:58:25.669508Z  INFO node::user: 
2026-09-16T19:58:25.669511Z  INFO node::user:     Block Number: 6
2026-09-16T19:58:25.669513Z  INFO node::user:     Block Hash: 0x00ffb6b1dd41323b789666d7f82ea1292523ebd653d78a76ccdef8fe990ae10c
2026-09-16T19:58:25.669515Z  INFO node::user:     Block Time: "Wed, 16 Sep 2026 19:58:25 +0000"

2026-09-16T19:58:25.669787Z  INFO node::user: eth_chainId
2026-09-16T19:58:25.670373Z  INFO node::user: eth_getTransactionReceipt
2026-09-16T19:58:25.674376Z  INFO node::user: eth_accounts
2026-09-16T19:58:25.674895Z  INFO node::user: eth_accounts
2026-09-16T19:58:25.675553Z  INFO node::user: eth_chainId
2026-09-16T19:58:25.676403Z  INFO node::user: eth_getBlockByNumber
2026-09-16T19:58:25.676999Z  INFO node::user: eth_chainId
2026-09-16T19:58:25.677594Z  INFO node::user: eth_chainId
2026-09-16T19:58:25.677995Z  INFO node::user: eth_estimateGas
2026-09-16T19:58:25.678631Z  INFO node::user: eth_chainId
2026-09-16T19:58:25.679206Z  INFO node::user: eth_getBlockByNumber
2026-09-16T19:58:25.679736Z  INFO node::user: eth_sendTransaction
2026-09-16T19:58:25.679985Z  INFO node::user: 
2026-09-16T19:58:25.679989Z  INFO node::user:     Transaction: 0x60c5338e50b5acb8937d541780b8cce7840cde777786e3257fc11ea37ff4c299
2026-09-16T19:58:25.679991Z  INFO node::user:     Gas used: 163502
2026-09-16T19:58:25.679993Z  INFO node::user: 
2026-09-16T19:58:25.679996Z  INFO node::user:     Block Number: 7
2026-09-16T19:58:25.679998Z  INFO node::user:     Block Hash: 0x11d871662361f4c34fe8e4fa94d27e982d888389e96be4f459c677c63c9d6b16
2026-09-16T19:58:25.680000Z  INFO node::user:     Block Time: "Wed, 16 Sep 2026 19:58:25 +0000"

2026-09-16T19:58:25.680239Z  INFO node::user: eth_chainId
2026-09-16T19:58:25.680779Z  INFO node::user: eth_getTransactionReceipt
2026-09-16T19:58:25.683274Z  INFO node::user: eth_chainId
2026-09-16T19:58:25.684024Z  INFO node::user: eth_getBlockByNumber
2026-09-16T19:58:25.684500Z  INFO node::user: eth_chainId
2026-09-16T19:58:25.685111Z  INFO node::user: eth_chainId
2026-09-16T19:58:25.685588Z  INFO node::user: eth_estimateGas
2026-09-16T19:58:25.686052Z  INFO node::user: eth_chainId
2026-09-16T19:58:25.686582Z  INFO node::user: eth_getBlockByNumber
2026-09-16T19:58:25.687083Z  INFO node::user: eth_sendTransaction
2026-09-16T19:58:25.687349Z  INFO node::user: 
2026-09-16T19:58:25.687359Z  INFO node::user:     Transaction: 0x0a02d4321d5ed7de8b8e5cfb8512ace10d05551341e5ab4144bebb30c16e1439
2026-09-16T19:58:25.687363Z  INFO node::user:     Gas used: 163502
2026-09-16T19:58:25.687365Z  INFO node::user: 
2026-09-16T19:58:25.687373Z  INFO node::user:     Block Number: 8
2026-09-16T19:58:25.687376Z  INFO node::user:     Block Hash: 0x4a199bdbae8f04214103b9e2e1b753202aae729dfb201e6579fb267960278716
2026-09-16T19:58:25.687379Z  INFO node::user:     Block Time: "Wed, 16 Sep 2026 19:58:25 +0000"

2026-09-16T19:58:25.687588Z  INFO node::user: eth_chainId
2026-09-16T19:58:25.688132Z  INFO node::user: eth_getTransactionReceipt
2026-09-16T19:58:25.690486Z  INFO node::user: eth_chainId
2026-09-16T19:58:25.691309Z  INFO node::user: eth_getBlockByNumber
2026-09-16T19:58:25.691813Z  INFO node::user: eth_chainId
2026-09-16T19:58:25.692442Z  INFO node::user: eth_chainId
2026-09-16T19:58:25.692881Z  INFO node::user: eth_estimateGas
2026-09-16T19:58:25.693371Z  INFO node::user: eth_chainId
2026-09-16T19:58:25.693812Z  INFO node::user: eth_getBlockByNumber
2026-09-16T19:58:25.694261Z  INFO node::user: eth_sendTransaction
2026-09-16T19:58:25.694477Z  INFO node::user: 
2026-09-16T19:58:25.694481Z  INFO node::user:     Transaction: 0x37699f04ea0298a3853a1ff746bc7dd0a7691110e45835b07467b07e9011bd92
2026-09-16T19:58:25.694483Z  INFO node::user:     Gas used: 93394
2026-09-16T19:58:25.694484Z  INFO node::user: 
2026-09-16T19:58:25.694486Z  INFO node::user:     Block Number: 9
2026-09-16T19:58:25.694488Z  INFO node::user:     Block Hash: 0x9c67e397c8049e4e34f17e2b69df963960284d94b83437b6e74ca249ba890b5c
2026-09-16T19:58:25.694490Z  INFO node::user:     Block Time: "Wed, 16 Sep 2026 19:58:25 +0000"

2026-09-16T19:58:25.694729Z  INFO node::user: eth_chainId
2026-09-16T19:58:25.695265Z  INFO node::user: eth_getTransactionReceipt
2026-09-16T19:58:25.841156Z  INFO node::user: eth_blockNumber
2026-09-16T19:58:25.842719Z  INFO node::user: eth_chainId
2026-09-16T19:58:25.843307Z  INFO node::user: eth_call
2026-09-16T19:58:25.843809Z  INFO node::user: eth_chainId
2026-09-16T19:58:25.845054Z  INFO node::user: eth_chainId
2026-09-16T19:58:25.846080Z  INFO node::user: eth_getBlockByNumber
2026-09-16T19:58:25.846699Z  INFO node::user: eth_chainId
2026-09-16T19:58:25.847494Z  INFO node::user: eth_chainId
2026-09-16T19:58:25.848033Z  INFO node::user: eth_estimateGas
2026-09-16T19:58:25.852414Z  INFO node::user: eth_chainId
2026-09-16T19:58:25.853582Z  INFO node::user: eth_getBlockByNumber
2026-09-16T19:58:25.854396Z  INFO node::user: eth_sendTransaction
2026-09-16T19:58:25.854657Z  INFO node::user: 
2026-09-16T19:58:25.854664Z  INFO node::user:     Transaction: 0x3ad439278cc2efcd91d023e4fd43011bd3fe41a33d3f5f669e6dd572c40c2a99
2026-09-16T19:58:25.854668Z  INFO node::user:     Gas used: 97493
2026-09-16T19:58:25.854670Z  INFO node::user: 
2026-09-16T19:58:25.854673Z  INFO node::user:     Block Number: 10
2026-09-16T19:58:25.854675Z  INFO node::user:     Block Hash: 0xa55c1761b213cb17f8811414161a889be6f6221a8a2663e813e2d0dd030521ff
2026-09-16T19:58:25.854678Z  INFO node::user:     Block Time: "Wed, 16 Sep 2026 19:58:25 +0000"

2026-09-16T19:58:25.855103Z  INFO node::user: eth_chainId
2026-09-16T19:58:25.855761Z  INFO node::user: eth_getTransactionReceipt
2026-09-16T19:58:25.971565Z  INFO node::user: eth_blockNumber
2026-09-16T19:58:25.972730Z  INFO node::user: eth_chainId
2026-09-16T19:58:25.973184Z  INFO node::user: eth_call
2026-09-16T19:58:25.973559Z  INFO node::user: eth_chainId
2026-09-16T19:58:25.974440Z  INFO node::user: eth_chainId
2026-09-16T19:58:25.974927Z  INFO node::user: eth_call
2026-09-16T19:58:25.975277Z  INFO node::user: eth_chainId
2026-09-16T19:58:25.976017Z  INFO node::user: eth_blockNumber
2026-09-16T19:58:25.976780Z  INFO node::user: eth_chainId
2026-09-16T19:58:25.977315Z  INFO node::user: eth_call
2026-09-16T19:58:25.977684Z  INFO node::user: eth_chainId
2026-09-16T19:58:25.978456Z  INFO node::user: eth_chainId
2026-09-16T19:58:25.979376Z  INFO node::user: eth_getBlockByNumber
2026-09-16T19:58:25.979900Z  INFO node::user: eth_chainId
2026-09-16T19:58:25.980505Z  INFO node::user: eth_chainId
2026-09-16T19:58:25.980917Z  INFO node::user: eth_estimateGas
2026-09-16T19:58:25.981408Z  INFO node::user: eth_chainId
2026-09-16T19:58:25.981912Z  INFO node::user: eth_getBlockByNumber
2026-09-16T19:58:25.982330Z  INFO node::user: eth_sendTransaction
2026-09-16T19:58:25.982553Z  INFO node::user: 
2026-09-16T19:58:25.982559Z  INFO node::user:     Transaction: 0x1ac3201ecaaa8c373fd9fdfa4523c4e878213acd9db3fb316e135567eb8498f2
2026-09-16T19:58:25.982562Z  INFO node::user:     Gas used: 53444
2026-09-16T19:58:25.982564Z  INFO node::user: 
2026-09-16T19:58:25.982567Z  INFO node::user:     Block Number: 11
2026-09-16T19:58:25.982569Z  INFO node::user:     Block Hash: 0xa6c9cfbf95d1807104c9646ffa5015e57d7ed1a058700f9a5550539e4a97f2ef
2026-09-16T19:58:25.982571Z  INFO node::user:     Block Time: "Wed, 16 Sep 2026 19:58:25 +0000"

2026-09-16T19:58:25.982861Z  INFO node::user: eth_chainId
2026-09-16T19:58:25.983408Z  INFO node::user: eth_getTransactionReceipt
2026-09-16T19:58:26.227158Z  INFO node::user: eth_accounts
2026-09-16T19:58:26.227982Z  INFO node::user: eth_accounts
