Traceback (most recent call last):
  File "/workspace/.local/base-mainnet-eval-20260916/results/recover_session.py", line 26, in <module>
    m['summary']=acc.recover(sid,actors['challenger'][0]);e.journal.write()
                 ^^^^^^^^^^^^^^^^^^^^^^^^^^^^^^^^^^^^^^^^
  File "/workspace/.audit-worktrees/practicality-mainnet/packages/sdk/aa_sdk/__init__.py", line 517, in recover
    return self._finalize(session_id, records)
           ^^^^^^^^^^^^^^^^^^^^^^^^^^^^^^^^^^^
  File "/workspace/.audit-worktrees/practicality-mainnet/packages/sdk/aa_sdk/__init__.py", line 477, in _finalize
    self.chain.commit_trace(self.provider_addr, session_id, h)
  File "/workspace/.audit-worktrees/practicality-mainnet/packages/sdk/aa_sdk/chain.py", line 157, in commit_trace
    return self._send(self.contract.functions.commitTrace(_b32(session_id), _b32(trace_hash)), sender)
           ^^^^^^^^^^^^^^^^^^^^^^^^^^^^^^^^^^^^^^^^^^^^^^^^^^^^^^^^^^^^^^^^^^^^^^^^^^^^^^^^^^^^^^^^^^^
  File "/workspace/.audit-worktrees/practicality-mainnet/scripts/run_evidence.py", line 171, in _send
    receipt = super()._send(fn, sender, value)
              ^^^^^^^^^^^^^^^^^^^^^^^^^^^^^^^^
  File "/workspace/.audit-worktrees/practicality-mainnet/packages/sdk/aa_sdk/chain.py", line 123, in _send
    receipt = self.w3.eth.wait_for_transaction_receipt(h)
              ^^^^^^^^^^^^^^^^^^^^^^^^^^^^^^^^^^^^^^^^^^^
  File "/workspace/hermes-agent/.venv/lib/python3.12/site-packages/web3/eth/eth.py", line 505, in wait_for_transaction_receipt
    tx_receipt = self._transaction_receipt(transaction_hash)
                 ^^^^^^^^^^^^^^^^^^^^^^^^^^^^^^^^^^^^^^^^^^^
  File "/workspace/hermes-agent/.venv/lib/python3.12/site-packages/web3/module.py", line 112, in caller
    result = w3.manager.request_blocking(
             ^^^^^^^^^^^^^^^^^^^^^^^^^^^^
  File "/workspace/hermes-agent/.venv/lib/python3.12/site-packages/web3/manager.py", line 232, in request_blocking
    response = self._make_request(method, params)
               ^^^^^^^^^^^^^^^^^^^^^^^^^^^^^^^^^^
  File "/workspace/hermes-agent/.venv/lib/python3.12/site-packages/web3/manager.py", line 163, in _make_request
    return request_func(method, params)
           ^^^^^^^^^^^^^^^^^^^^^^^^^^^^
  File "/workspace/hermes-agent/.venv/lib/python3.12/site-packages/web3/middleware/base.py", line 56, in middleware
    return self.response_processor(method, make_request(method, params))
                                           ^^^^^^^^^^^^^^^^^^^^^^^^^^^^
  File "/workspace/hermes-agent/.venv/lib/python3.12/site-packages/web3/middleware/base.py", line 56, in middleware
    return self.response_processor(method, make_request(method, params))
                                           ^^^^^^^^^^^^^^^^^^^^^^^^^^^^
  File "/workspace/hermes-agent/.venv/lib/python3.12/site-packages/web3/middleware/base.py", line 56, in middleware
    return self.response_processor(method, make_request(method, params))
                                           ^^^^^^^^^^^^^^^^^^^^^^^^^^^^
  [Previous line repeated 2 more times]
  File "/workspace/hermes-agent/.venv/lib/python3.12/site-packages/web3/_utils/caching/caching_utils.py", line 261, in wrapper
    return func(provider, method, params)
           ^^^^^^^^^^^^^^^^^^^^^^^^^^^^^^
  File "/workspace/hermes-agent/.venv/lib/python3.12/site-packages/web3/providers/rpc/rpc.py", line 166, in make_request
    raw_response = self._make_request(method, request_data)
                   ^^^^^^^^^^^^^^^^^^^^^^^^^^^^^^^^^^^^^^^^
  File "/workspace/hermes-agent/.venv/lib/python3.12/site-packages/web3/providers/rpc/rpc.py", line 153, in _make_request
    raise e
  File "/workspace/hermes-agent/.venv/lib/python3.12/site-packages/web3/providers/rpc/rpc.py", line 143, in _make_request
    return self._request_session_manager.make_post_request(
           ^^^^^^^^^^^^^^^^^^^^^^^^^^^^^^^^^^^^^^^^^^^^^^^^
  File "/workspace/hermes-agent/.venv/lib/python3.12/site-packages/web3/_utils/http_session_manager.py", line 155, in make_post_request
    response.raise_for_status()
  File "/workspace/hermes-agent/.venv/lib/python3.12/site-packages/requests/models.py", line 1028, in raise_for_status
    raise HTTPError(http_error_msg, response=self)
requests.exceptions.HTTPError: 403 Client Error: Forbidden for url: https://base-rpc.publicnode.com/
