deploy 0xea9386a90c297cf0e06318ad7192e274e46a891e71cd8347515d18d5cdf4bd4c status 1
registerPromise 0x690efbe0a1443fdff6d9d85666f5754a8a55843c90d00db3e09e609acc57678c status 1
registerPromise 0x7e4163b4ffcc7e30f92e6330a86485bf1b4b7b00a631aabd7eb87905e1fb289f status 1
openSession 0x40cfa8c756d0a5fc388d0cab7b65248a3f868094beae2812f7df92861ef6bb5d status 1
checkpointTrace 0xced30d9b2ceb8319b30fadc9f90771fbe54cc579a22b3eee01aa45197e3ca255 status 1
Traceback (most recent call last):
  File "/workspace/.audit-worktrees/practicality-mainnet/scripts/practicality/run_public.py", line 432, in <module>
    main()
  File "/workspace/.audit-worktrees/practicality-mainnet/scripts/practicality/run_public.py", line 429, in main
    verifier_main(args) if args.command == "verify" else run(args)
                                                         ^^^^^^^^^
  File "/workspace/.audit-worktrees/practicality-mainnet/scripts/practicality/run_public.py", line 311, in run
    native.end(name)
  File "/workspace/.audit-worktrees/practicality-mainnet/scripts/practicality/run_public.py", line 154, in end
    return self.plugin.end_session(native_session_id=name)
           ^^^^^^^^^^^^^^^^^^^^^^^^^^^^^^^^^^^^^^^^^^^^^^^
  File "/workspace/.audit-worktrees/practicality-mainnet/integrations/hermes/aa_hermes/__init__.py", line 90, in end_session
    return _finish(binding)
           ^^^^^^^^^^^^^^^^
  File "/workspace/.audit-worktrees/practicality-mainnet/integrations/hermes/aa_hermes/__init__.py", line 76, in _finish
    summary = binding.session.end()
              ^^^^^^^^^^^^^^^^^^^^^
  File "/workspace/.audit-worktrees/practicality-mainnet/packages/sdk/aa_sdk/__init__.py", line 390, in end
    summary = (self.acc._commit_shipped(self.session_id, buffer=self.records,
               ^^^^^^^^^^^^^^^^^^^^^^^^^^^^^^^^^^^^^^^^^^^^^^^^^^^^^^^^^^^^^^
  File "/workspace/.audit-worktrees/practicality-mainnet/packages/sdk/aa_sdk/__init__.py", line 503, in _commit_shipped
    return self._finalize(session_id, shipped, before_submit=before_submit)
           ^^^^^^^^^^^^^^^^^^^^^^^^^^^^^^^^^^^^^^^^^^^^^^^^^^^^^^^^^^^^^^^^
  File "/workspace/.audit-worktrees/practicality-mainnet/packages/sdk/aa_sdk/__init__.py", line 463, in _finalize
    checkpoints = (self.chain.get_checkpoints(session_id)
                   ^^^^^^^^^^^^^^^^^^^^^^^^^^^^^^^^^^^^^^
  File "/workspace/.audit-worktrees/practicality-mainnet/packages/sdk/aa_sdk/chain.py", line 174, in get_checkpoints
    return self._read(read_at_block)
           ^^^^^^^^^^^^^^^^^^^^^^^^^
  File "/workspace/.audit-worktrees/practicality-mainnet/packages/sdk/aa_sdk/chain.py", line 104, in _read
    return read_at_block(block)
           ^^^^^^^^^^^^^^^^^^^^
  File "/workspace/.audit-worktrees/practicality-mainnet/packages/sdk/aa_sdk/chain.py", line 168, in read_at_block
    count = self.contract.functions.checkpointCount(sid).call(block_identifier=block)
            ^^^^^^^^^^^^^^^^^^^^^^^^^^^^^^^^^^^^^^^^^^^^^^^^^^^^^^^^^^^^^^^^^^^^^^^^^
  File "/workspace/hermes-agent/.venv/lib/python3.12/site-packages/web3/contract/contract.py", line 291, in call
    return call_contract_function(
           ^^^^^^^^^^^^^^^^^^^^^^^
  File "/workspace/hermes-agent/.venv/lib/python3.12/site-packages/web3/contract/utils.py", line 153, in call_contract_function
    return_data = w3.eth.call(
                  ^^^^^^^^^^^^
  File "/workspace/hermes-agent/.venv/lib/python3.12/site-packages/web3/eth/eth.py", line 247, in call
    return self._durin_call(transaction, block_identifier, state_override)
           ^^^^^^^^^^^^^^^^^^^^^^^^^^^^^^^^^^^^^^^^^^^^^^^^^^^^^^^^^^^^^^^
  File "/workspace/hermes-agent/.venv/lib/python3.12/site-packages/web3/eth/eth.py", line 266, in _durin_call
    return self._call(transaction, block_identifier, state_override)
           ^^^^^^^^^^^^^^^^^^^^^^^^^^^^^^^^^^^^^^^^^^^^^^^^^^^^^^^^^
  File "/workspace/hermes-agent/.venv/lib/python3.12/site-packages/web3/module.py", line 112, in caller
    result = w3.manager.request_blocking(
             ^^^^^^^^^^^^^^^^^^^^^^^^^^^^
  File "/workspace/hermes-agent/.venv/lib/python3.12/site-packages/web3/manager.py", line 232, in request_blocking
    response = self._make_request(method, params)
               ^^^^^^^^^^^^^^^^^^^^^^^^^^^^^^^^^^
  File "/workspace/hermes-agent/.venv/lib/python3.12/site-packages/web3/manager.py", line 163, in _make_request
    return request_func(method, params)
           ^^^^^^^^^^^^^^^^^^^^^^^^^^^^
  File "/workspace/hermes-agent/.venv/lib/python3.12/site-packages/web3/middleware/base.py", line 56, in middleware
    return self.response_processor(method, make_request(method, params))
                                           ^^^^^^^^^^^^^^^^^^^^^^^^^^^^
  File "/workspace/hermes-agent/.venv/lib/python3.12/site-packages/web3/middleware/base.py", line 56, in middleware
    return self.response_processor(method, make_request(method, params))
                                           ^^^^^^^^^^^^^^^^^^^^^^^^^^^^
  File "/workspace/hermes-agent/.venv/lib/python3.12/site-packages/web3/middleware/base.py", line 56, in middleware
    return self.response_processor(method, make_request(method, params))
                                           ^^^^^^^^^^^^^^^^^^^^^^^^^^^^
  [Previous line repeated 2 more times]
  File "/workspace/hermes-agent/.venv/lib/python3.12/site-packages/web3/_utils/caching/caching_utils.py", line 261, in wrapper
    return func(provider, method, params)
           ^^^^^^^^^^^^^^^^^^^^^^^^^^^^^^
  File "/workspace/hermes-agent/.venv/lib/python3.12/site-packages/web3/providers/rpc/rpc.py", line 166, in make_request
    raw_response = self._make_request(method, request_data)
                   ^^^^^^^^^^^^^^^^^^^^^^^^^^^^^^^^^^^^^^^^
  File "/workspace/hermes-agent/.venv/lib/python3.12/site-packages/web3/providers/rpc/rpc.py", line 153, in _make_request
    raise e
  File "/workspace/hermes-agent/.venv/lib/python3.12/site-packages/web3/providers/rpc/rpc.py", line 143, in _make_request
    return self._request_session_manager.make_post_request(
           ^^^^^^^^^^^^^^^^^^^^^^^^^^^^^^^^^^^^^^^^^^^^^^^^
  File "/workspace/hermes-agent/.venv/lib/python3.12/site-packages/web3/_utils/http_session_manager.py", line 155, in make_post_request
    response.raise_for_status()
  File "/workspace/hermes-agent/.venv/lib/python3.12/site-packages/requests/models.py", line 1028, in raise_for_status
    raise HTTPError(http_error_msg, response=self)
requests.exceptions.HTTPError: 429 Client Error: Too Many Requests for url: https://mainnet.base.org/
